ACCELEROMETER: X: 0, Y: 0, Z: 9
GYROSCOPE: X: 0, Y: -2, Z: 0
MAGNETOMETER: X: 0, Y: 0, Z: 0

ACCELEROMETER: X: 0, Y: 0, Z: 9
GYROSCOPE: X: 0, Y: -2, Z: 0
MAGNETOMETER: X: 0, Y: 0, Z: 0

ACCELEROMETER: X: 0, Y: 0, Z: 9
GYROSCOPE: X: 0, Y: -2, Z: 0
MAGNETOMETER: X: 0, Y: 0, Z: 0

ACCELEROMETER: X: 0, Y: 0, Z: 9
GYROSCOPE: X: 0, Y: -2, Z: 0
MAGNETOMETER: X: 0, Y: 0, Z: 0

ACCELEROMETER: X: 0, Y: 0, Z: 9
GYROSCOPE: X: 0, Y: -2, Z: 0
MAGNETOMETER: X: 0, Y: 0, Z: 0

ACCELEROMETER: X: 0, Y: 0, Z: 9
GYROSCOPE: X: 0, Y: -2, Z: 0
MAGNETOMETER: X: 0, Y: 0, Z: 0

ACCELEROMETER: X: 0, Y: 0, Z: 9
GYROSCOPE: X: 0, Y: -2, Z: 0
MAGNETOMETER: X: 0, Y: 0, Z: 0

ACCELEROMETER: X: 0, Y: 0, Z: 9
GYROSCOPE: X: 0, Y: -2, Z: 0
MAGNETOMETER: X: 0, Y: 0, Z: 0

ACCELEROMETER: X: 0, Y: 0, Z: 9
GYROSCOPE: X: 0, Y: -2, Z: 0
MAGNETOMETER: X: 0, Y: 0, Z: 0

ACCELEROMETER: X: 0, Y: 0, Z: 9
GYROSCOPE: X: 0, Y: -2, Z: 0
MAGNETOMETER: X: 0, Y: 0, Z: 0

ACCELEROMETER: X: 0, Y: 0, Z: 9
GYROSCOPE: X: 0, Y: -2, Z: 0
MAGNETOMETER: X: 0, Y: 0, Z: 0

ACCELEROMETER: X: 0, Y: 0, Z: 9
GYROSCOPE: X: 0, Y: -2, Z: 0
MAGNETOMETER: X: 0, Y: 0, Z: 0

ACCELEROMETER: X: 0, Y: 0, Z: 9
GYROSCOPE: X: 0, Y: -2, Z: 0
MAGNETOMETER: X: 0, Y: 0, Z: 0

ACCELEROMETER: X: 0, Y: 0, Z: 9
GYROSCOPE: X: 0, Y: -2, Z: 0
MAGNETOMETER: X: 0, Y: 0, Z: 0

ACCELEROMETER: X: 0, Y: 0, Z: 9
GYROSCOPE: X: 0, Y: -2, Z: 0
MAGNETOMETER: X: 0, Y: 0, Z: 0

ACCELEROMETER: X: 0, Y: 0, Z: 9
GYROSCOPE: X: 0, Y: -2, Z: 0
MAGNETOMETER: X: 0, Y: 0, Z: 0

ACCELEROMETER: X: 0, Y: 0, Z: 9
GYROSCOPE: X: 0, Y: -2, Z: 0
MAGNETOMETER: X: 0, Y: 0, Z: 0

ACCELEROMETER: X: 0, Y: 0, Z: 9
GYROSCOPE: X: 0, Y: -2, Z: 0
MAGNETOMETER: X: 0, Y: 0, Z: 0

ACCELEROMETER: X: 0, Y: 0, Z: 9
GYROSCOPE: X: 0, Y: -2, Z: 0
MAGNETOMETER: X: 0, Y: 0, Z: 0

ACCELEROMETER: X: 0, Y: 0, Z: 9
GYROSCOPE: X: 0, Y: -2, Z: 0
MAGNETOMETER: X: 0, Y: 0, Z: 0

ACCELEROMETER: X: 0, Y: 0, Z: 9
GYROSCOPE: X: 0, Y: -2, Z: 0
MAGNETOMETER: X: 0, Y: 0, Z: 0

ACCELEROMETER: X: 0, Y: 0, Z: 9
GYROSCOPE: X: 0, Y: -2, Z: 0
MAGNETOMETER: X: 0, Y: 0, Z: 0

ACCELEROMETER: X: 0, Y: 0, Z: 8
GYROSCOPE: X: 0, Y: -2, Z: 0
MAGNETOMETER: X: 0, Y: 0, Z: 0

ACCELEROMETER: X: 0, Y: 0, Z: 9
GYROSCOPE: X: 0, Y: -2, Z: 0
MAGNETOMETER: X: 0, Y: 0, Z: 0

ACCELEROMETER: X: 0, Y: 0, Z: 9
GYROSCOPE: X: 0, Y: -2, Z: 0
MAGNETOMETER: X: 0, Y: 0, Z: 0

ACCELEROMETER: X: 0, Y: 0, Z: 9
GYROSCOPE: X: 0, Y: -2, Z: 0
MAGNETOMETER: X: 0, Y: 0, Z: 0

ACCELEROMETER: X: 0, Y: 0, Z: 9
GYROSCOPE: X: 0, Y: -2, Z: 0
MAGNETOMETER: X: 0, Y: 0, Z: 0

ACCELEROMETER: X: 0, Y: 0, Z: 9
GYROSCOPE: X: 0, Y: -2, Z: 0
MAGNETOMETER: X: 0, Y: 0, Z: 0

ACCELEROMETER: X: 0, Y: 0, Z: 9
GYROSCOPE: X: 0, Y: -2, Z: 0
MAGNETOMETER: X: 0, Y: 0, Z: 0

ACCELEROMETER: X: 0, Y: 0, Z: 9
GYROSCOPE: X: 0, Y: -2, Z: 0
MAGNETOMETER: X: 0, Y: 0, Z: 0

ACCELEROMETER: X: 0, Y: 0, Z: 9
GYROSCOPE: X: 0, Y: -2, Z: 0
MAGNETOMETER: X: 0, Y: 0, Z: 0

ACCELEROMETER: X: 0, Y: 0, Z: 9
GYROSCOPE: X: 0, Y: -2, Z: 0
MAGNETOMETER: X: 0, Y: 0, Z: 0

ACCELEROMETER: X: 0, Y: 0, Z: 9
GYROSCOPE: X: 0, Y: -2, Z: 0
MAGNETOMETER: X: 0, Y: 0, Z: 0

ACCELEROMETER: X: 0, Y: 0, Z: 8
GYROSCOPE: X: 0, Y: -3, Z: 0
MAGNETOMETER: X: 0, Y: 0, Z: 0

ACCELEROMETER: X: 0, Y: 0, Z: 9
GYROSCOPE: X: 0, Y: -2, Z: 0
MAGNETOMETER: X: 0, Y: 0, Z: 0

ACCELEROMETER: X: 0, Y: 0, Z: 8
GYROSCOPE: X: 0, Y: -2, Z: 0
MAGNETOMETER: X: 0, Y: 0, Z: 0

ACCELEROMETER: X: 0, Y: 0, Z: 9
GYROSCOPE: X: 0, Y: -2, Z: 0
MAGNETOMETER: X: 0, Y: 0, Z: 0

ACCELEROMETER: X: 0, Y: 0, Z: 9
GYROSCOPE: X: 0, Y: -2, Z: 0
MAGNETOMETER: X: 0, Y: 0, Z: 0

ACCELEROMETER: X: 0, Y: 0, Z: 9
GYROSCOPE: X: 0, Y: -2, Z: 0
MAGNETOMETER: X: 0, Y: 0, Z: 0

ACCELEROMETER: X: 0, Y: 0, Z: 9
GYROSCOPE: X: 0, Y: -2, Z: 0
MAGNETOMETER: X: 0, Y: 0, Z: 0

ACCELEROMETER: X: 0, Y: 0, Z: 9
GYROSCOPE: X: 0, Y: -2, Z: 0
MAGNETOMETER: X: 0, Y: 0, Z: 0

ACCELEROMETER: X: 0, Y: 0, Z: 9
GYROSCOPE: X: 0, Y: -2, Z: 0
MAGNETOMETER: X: 0, Y: 0, Z: 0

ACCELEROMETER: X: 0, Y: 0, Z: 9
GYROSCOPE: X: 0, Y: -2, Z: 0
MAGNETOMETER: X: 0, Y: 0, Z: 0

ACCELEROMETER: X: 0, Y: 0, Z: 9
GYROSCOPE: X: 0, Y: -2, Z: 0
MAGNETOMETER: X: 0, Y: 0, Z: 0

ACCELEROMETER: X: 0, Y: 0, Z: 9
GYROSCOPE: X: 0, Y: -2, Z: 0
MAGNETOMETER: X: 0, Y: 0, Z: 0

ACCELEROMETER: X: 0, Y: 0, Z: 9
GYROSCOPE: X: 0, Y: -2, Z: 0
MAGNETOMETER: X: 0, Y: 0, Z: 0

ACCELEROMETER: X: 0, Y: 0, Z: 9
GYROSCOPE: X: 0, Y: -1, Z: 0
MAGNETOMETER: X: 0, Y: 0, Z: 0

ACCELEROMETER: X: 0, Y: 0, Z: 8
GYROSCOPE: X: 0, Y: -2, Z: 0
MAGNETOMETER: X: 0, Y: 0, Z: 0

ACCELEROMETER: X: 0, Y: 0, Z: 9
GYROSCOPE: X: 0, Y: -2, Z: 0TEOTER: X: 0, Y: 0, Z: 0

ACCELEROMETER: X: 0, Y: 0, Z: 9
GYROSCOPE: X: 0, Y: -2, Z: 0
MAGNETOMETER: X: 0, Y: 0, Z: 0

ACCELEROMETER: X: 0, Y: 0, Z: 9
GYROSCOPE: X: 0, Y: -2, Z: 0
MAGNETOMETER: X: 0, Y: 0, Z: 0

ACCELEROMETER: X: 0, Y: 0, Z: 9
GYROSCOPE: X: 0, Y: -2, Z: 0
MAGNETOMETER: X: 0, Y: 0, Z: 0

ACCELEROMETER: X: 0, Y: 0, Z: 9
GYROSCOPE: X: 0, Y: -2, Z: 0
MAGNETOMETER: X: 0, Y: 0, Z: 0

ACCELEROMETER: X: 0, Y: 0, Z: 9
GYROSCOPE: X: 0, Y: -2, Z: 0
MAGNETOMETER: X: 0, Y: 0, Z: 0

ACCELEROMETER: X: 0, Y: 0, Z: 9
GYROSCOPE: X: 0, Y: -2, Z: 0
MAGNETOMETER: X: 0, Y: 0, Z: 0

ACCELEROMETER: X: 0, Y: 0, Z: 9
GYROSCOPE: X: 0, Y: -4, Z: 0
MAGNETOMETER: X: 0, Y: 0, Z: 0

ACCELEROMETER: X: 0, Y: 0, Z: 8
GYROSCOPE: X: -1, Y: 0, Z: 0
MAGNETOMETER: X: 0, Y: 0, Z: 0

ACCELEROMETER: X: 0, Y: 0, Z: 9
GYROSCOPE: X: 0, Y: -2, Z: 0
MAGNETOMETER: X: 0, Y: 0, Z: 0

ACCELEROMETER: X: 0, Y: 0, Z: 9
GYROSCOPE: X: -1, Y: -6, Z: -13
MAGNETOMETER: X: 0, Y: 0, Z: 0

ACCELEROMETER: X: 0, Y: 0, Z: 10
GYROSCOPE: X: -17, Y: 63, Z: 12
MAGNETOMETER: X: 0, Y: 0, Z: 0

ACCELEROMETER: X: -2, Y: -1, Z: 6
GYROSCOPE: X: -26, Y: 93, Z: -12
MAGNETOMETER: X: 0, Y: 0, Z: 0

ACCELEROMETER: X: -2, Y: 0, Z: 7
GYROSCOPE: X: -50, Y: 228, Z: 10
MAGNETOMETER: X: 0, Y: 0, Z: 0

ACCELEROMETER: X: -5, Y: 0, Z: 7
GYROSCOPE: X: -54, Y: 102, Z: 17
MAGNETOMETER: X: 0, Y: 0, Z: 0

ACCELEROMETER: X: -8, Y: 0, Z: 4
GYROSCOPE: X: -15, Y: 62, Z: -7
MAGNETOMETER: X: 0, Y: 0, Z: 0

ACCELEROMETER: X: -10, Y: 0, Z: 2
GYROSCOPE: X: -3, Y: 37, Z: -11
MAGNETOMETER: X: 0, Y: 0, Z: 0

ACCELEROMETER: X: -11, Y: 0, Z: 0
GYROSCOPE: X: 29, Y: 76, Z: -37
MAGNETOMETER: X: 0, Y: 0, Z: 0

ACCELEROMETER: X: -9, Y: 0, Z: 1
GYROSCOPE: X: 15, Y: -74, Z: 9
MAGNETOMETER: X: 0, Y: 0, Z: 0

ACCELEROMETER: X: -6, Y: -1, Z: 0
GYROSCOPE: X: 23, Y: -103, Z: 18
MAGNETOMETER: X: 0, Y: 0, Z: 0

ACCELEROMETER: X: -7, Y: 0, Z: 3
GYROSCOPE: X: -5, Y: -142, Z: 20
MAGNETOMETER: X: 0, Y: 0, Z: 0

ACCELEROMETER: X: -7, Y: 0, Z: 6
GYROSCOPE: X: -9, Y: -135, Z: 1
MAGNETOMETER: X: 0, Y: 0, Z: 0

ACCELEROMETER: X: -5, Y: 0, Z: 9
GYROSCOPE: X: -5, Y: -165, Z: -3
MAGNETOMETER: X: 0, Y: 0, Z: 0

ACCELEROMETER: X: -1, Y: 0, Z: 9
GYROSCOPE: X: -4, Y: -148, Z: -1
MAGNETOMETER: X: 0, Y: 0, Z: 0

ACCELEROMETER: X: 3, Y: 0, Z: 8
GYROSCOPE: X: -2, Y: -176, Z: 20
MAGNETOMETER: X: 0, Y: 0, Z: 0

ACCELEROMETER: X: 7, Y: 0, Z: 7
GYROSCOPE: X: 0, Y: -236, Z: 3
MAGNETOMETER: X: 0, Y: 0, Z: 0

ACCELEROMETER: X: 8, Y: 0, Z: 4
GYROSCOPE: X: 0, Y: -100, Z: 24
MAGNETOMETER: X: 0, Y: 0, Z: 0

ACCELEROMETER: X: 10, Y: -1, Z: 2
GYROSCOPE: X: -6, Y: -43, Z: 20
MAGNETOMETER: X: 0, Y: 0, Z: 0

ACCELEROMETER: X: 9, Y: 0, Z: 3
GYROSCOPE: X: 4, Y: 2, Z: 1
MAGNETOMETER: X: 0, Y: 0, Z: 0

ACCELEROMETER: X: 9, Y: 0, Z: 3
GYROSCOPE: X: 2, Y: 45, Z: -2
MAGNETOMETER: X: 0, Y: 0, Z: 0

ACCELEROMETER: X: 6, Y: 0, Z: 5
GYROSCOPE: X: -5, Y: 85, Z: -19
MAGNETOMETER: X: 0, Y: 0, Z: 0

ACCELEROMETER: X: 2, Y: -1, Z: 5
GYROSCOPE: X: 11, Y: 132, Z: -24
MAGNETOMETER: X: 0, Y: 0, Z: 0

ACCELEROMETER: X: 1, Y: -1, Z: 7
GYROSCOPE: X: 20, Y: 56, Z: -13
MAGNETOMETER: X: 0, Y: 0, Z: 0

ACCELEROMETER: X: 1, Y: 0, Z: 9
GYROSCOPE: X: -5, Y: 156, Z: 14
MAGNETOMETER: X: 0, Y: 0, Z: 0

ACCELEROMETER: X: -3, Y: 0, Z: 9
GYROSCOPE: X: -10, Y: 157, Z: 8
MAGNETOMETER: X: 0, Y: 0, Z: 0

ACCELEROMETER: X: -7, Y: 0, Z: 8
GYROSCOPE: X: -9, Y: 205, Z: 7
MAGNETOMETER: X: 0, Y: 0, Z: 0

ACCELEROMETER: X: -7, Y: -1, Z: 4
GYROSCOPE: X: -5, Y: 220, Z: -10
MAGNETOMETER: X: 0, Y: 0, Z: 0

ACCELEROMETER: X: -7, Y: -1, Z: 2
GYROSCOPE: X: -4, Y: 139, Z: -10
MAGNETOMETER: X: 0, Y: 0, Z: 0

ACCELEROMETER: X: -7, Y: -1, Z: 0
GYROSCOPE: X: 1, Y: 39, Z: -8
MAGNETOMETER: X: 0, Y: 0, Z: 0

ACCELEROMETER: X: -8, Y: -1, Z: 0
GYROSCOPE: X: 6, Y: -22, Z: -1
MAGNETOMETER: X: 0, Y: 0, Z: 0

ACCELEROMETER: X: -9, Y: 0, Z: 1
GYROSCOPE: X: 4, Y: -65, Z: 8
MAGNETOMETER: X: 0, Y: 0, Z: 0

ACCELEROMETER: X: -11, Y: -1, Z: 1
GYROSCOPE: X: 12, Y: -64, Z: -4
MAGNETOMETER: X: 0, Y: 0, Z: 0

ACCELEROMETER: X: -11, Y: 0, Z: 4
GYROSCOPE: X: 24, Y: -172, Z: 9
MAGNETOMETER: X: 0, Y: 0, Z: 0

ACCELEROMETER: X: -7, Y: -1, Z: 6
GYROSCOPE: X: 27, Y: -181, Z: 5
MAGNETOMETER: X: 0, Y: 0, Z: 0

ACCELEROMETER: X: -1, Y: 0, Z: 8
GYROSCOPE: X: 43, Y: -219, Z: 15
MAGNETOMETER: X: 0, Y: 0, Z: 0

ACCELEROMETER: X: 0, Y: 0, Z: 8
GYROSCOPE: X: 11, Y: -32, Z: 6
MAGNETOMETER: X: 0, Y: 0, Z: 0

ACCELEROMETER: X: 1, Y: 0, Z: 9
GYROSCOPE: X: -8, Y: 30, Z: -3
MAGNETOMETER: X: 0, Y: 0, Z: 0

ACCELEROMETER: X: 1, Y: 0, Z: 8
GYROSCOPE: X: -15, Y: 34, Z: -5
MAGNETOMETER: X: 0, Y: 0, Z: 0

ACCELEROMETER: X: 0, Y: 0, Z: 9
GYROSCOPE: X: -22, Y: 37, Z: -10
MAGNETOMETER: X: 0, Y: 0, Z: 0

ACCELEROMETER: X: 0, Y: 0, Z: 8
GYROSCOPE: X: -26, Y: 26, Z: -15
MAGNETOMETER: X: 0, Y: 0, Z: 0

ACCELEROMETER: X: 0, Y: 0, Z: 9
GYROSCOPE: X: -9, Y: -3, Z: -15
MAGNETOMETER: X: 0, Y: 0, Z: 0

ACCELEROMETER: X: 0, Y: 0, Z: 9
GYROSCOPE: X: 5, Y: -8, Z: 2
MAGNETOMETER: X: 0, Y: 0, Z: 0

ACCELEROMETER: X: 0, Y: 0, Z: 9
GYROSCOPE: X: 9, Y: -28, Z: 24
MAGNETOMETER: X: 0, Y: 0, Z: 0

ACCELEROMETER: X: 1, Y: 0, Z: 8
GYROSCOPE: X: 10, Y: -56, Z: 51
MAGNETOMETER: X: 0, Y: 0, Z: 0

ACCELEROMETER: X: 1, Y: 0, Z: 9
GYROSCOPE: X: -18, Y: -20, Z: 49
MAGNETOMETER: X: 0, Y: 0, Z: 0

ACCELEROMETER: X: 0, Y: 0, Z: 8
GYROSCOPE: X: -27, Y: 5, Z: 54
MAGNETOMETER: X: 0, Y: 0, Z: 0

ACCELEROMETER: X: 0, Y: 0, Z: 9
GYROSCOPE: X: -10, Y: 43, Z: 68
MAGNETOMETER: X: 0, Y: 0, Z: 0

ACCELEROMETER: X: 0, Y: 1, Z: 9
GYROSCOPE: X: 14, Y: 8, Z: 91
MAGNETOMETER: X: 0, Y: 0, Z: 0

ACCELEROMETER: X: 0, Y: 1, Z: 9
GYROSCOPE: X: -18, Y: 6, Z: 45
MAGNETOMETER: X: 0, Y: 0, Z: 0

ACCELEROMETER: X: 2, Y: 0, Z: 10
GYROSCOPE: X: -16, Y: 17, Z: 28
MAGNETOMETER: X: 0, Y: 0, Z: 0

ACCELEROMETER: X: 1, Y: 0, Z: 9
GYROSCOPE: X: 24, Y: -23, Z: 39
MAGNETOMETER: X: 0, Y: 0, Z: 0

ACCELEROMETER: X: 0, Y: 0, Z: 9
GYROSCOPE: X: 0, Y: 0, Z: 23
MAGNETOMETER: X: 0, Y: 0, Z: 0

ACCELEROMETER: X: 0, Y: 0, Z: 9
GYROSCOPE: X: 12, Y: 12, Z: -8
MAGNETOMETER: X: 0, Y: 0, Z: 0

ACCELEROMETER: X: 0, Y: 0, Z: 9
GYROSCOPE: X: 4, Y: -6, Z: -21
MAGNETOMETER: X: 0, Y: 0, Z: 0

ACCELEROMETER: X: 1, Y: 2, Z: 10
GYROSCOPE: X: -9, Y: 13, Z: -64
MAGNETOMETER: X: 0, Y: 0, Z: 0

ACCELEROMETER: X: 0, Y: 1, Z: 9
GYROSCOPE: X: -30, Y: 42, Z: -81
MAGNETOMETER: X: 0, Y: 0, Z: 0

ACCELEROMETER: X: -1, Y: 1, Z: 9
GYROSCOPE: X: -53, Y: 26, Z: -88
MAGNETOMETER: X: 0, Y: 0, Z: 0

ACCELEROMETER: X: -2, Y: -1, Z: 8
GYROSCOPE: X: -46, Y: 31, Z: -95
MAGNETOMETER: X: 0, Y: 0, Z: 0

ACCELEROMETER: X: -1, Y: -3, Z: 8
GYROSCOPE: X: 0, Y: 41, Z: -89
MAGNETOMETER: X: 0, Y: 0, Z: 0

ACCELEROMETER: X: -1, Y: -2, Z: 8
GYROSCOPE: X: 11, Y: 54, Z: -51
MAGNETOMETER: X: 0, Y: 0, Z: 0

ACCELEROMETER: X: -1, Y: -1, Z: 8
GYROSCOPE: X: 26, Y: -4, Z: -1
MAGNETOMETER: X: 0, Y: 0, Z: 0

ACCELEROMETER: X: -1, Y: -1, Z: 7
GYROSCOPE: X: 21, Y: -25, Z: 12
MAGNETOMETER: X: 0, Y: 0, Z: 0

ACCELEROMETER: X: -1, Y: 0, Z: 8
GYROSCOPE: X: 6, Y: -21, Z: 6
MAGNETOMETER: X: 0, Y: 0, Z: 0

ACCELEROMETER: X: 1, Y: 0, Z: 9
GYROSCOPE: X: -9, Y: -50, Z: 20
MAGNETOMETER: X: 0, Y: 0, Z: 0

ACCELEROMETER: X: 0, Y: 0, Z: 9
GYROSCOPE: X: -29, Y: -80, Z: 27
MAGNETOMETER: X: 0, Y: 0, Z: 0

ACCELEROMETER: X: -3, Y: -1, Z: 8
GYROSCOPE: X: -33, Y: -33, Z: 7
MAGNETOMETER: X: 0, Y: 0, Z: 0

ACCELEROMETER: X: -1, Y: -1, Z: 10
GYROSCOPE: X: 8, Y: 20, Z: -18
MAGNETOMETER: X: 0, Y: 0, Z: 0

ACCELEROMETER: X: 0, Y: -1, Z: 9
GYROSCOPE: X: 9, Y: 63, Z: -19
MAGNETOMETER: X: 0, Y: 0, Z: 0

ACCELEROMETER: X: -2, Y: 0, Z: 8
GYROSCOPE: X: 25, Y: 30, Z: 0
MAGNETOMETER: X: 0, Y: 0, Z: 0

ACCELEROMETER: X: -1, Y: 0, Z: 8
GYROSCOPE: X: 18, Y: 14, Z: 13
MAGNETOMETER: X: 0, Y: 0, Z: 0

ACCELEROMETER: X: 0, Y: 0, Z: 9
GYROSCOPE: X: 5, Y: -13, Z: 8
MAGNETOMETER: X: 0, Y: 0, Z: 0

ACCELEROMETER: X: 0, Y: 0, Z: 9
GYROSCOPE: X: -11, Y: -39, Z: -3
MAGNETOMETER: X: 0, Y: 0, Z: 0

ACCELEROMETER: X: -2, Y: 0, Z: 9
GYROSCOPE: X: -28, Y: -54, Z: -9
MAGNETOMETER: X: 0, Y: 0, Z: 0

ACCELEROMETER: X: -2, Y: 0, Z: 9
GYROSCOPE: X: -11, Y: -48, Z: -1
MAGNETOMETER: X: 0, Y: 0, Z: 0

ACCELEROMETER: X: 0, Y: 0, Z: 9
GYROSCOPE: X: 2, Y: 7, Z: 5
MAGNETOMETER: X: 0, Y: 0, Z: 0

ACCELEROMETER: X: 0, Y: 0, Z: 9
GYROSCOPE: X: 0, Y: 11, Z: 14
MAGNETOMETER: X: 0, Y: 0, Z: 0

ACCELEROMETER: X: 0, Y: 0, Z: 9
GYROSCOPE: X: 0, Y: 57, Z: 6
MAGNETOMETER: X: 0, Y: 0, Z: 0

ACCELEROMETER: X: -2, Y: 0, Z: 8
GYROSCOPE: X: -5, Y: 130, Z: 5
MAGNETOMETER: X: 0, Y: 0, Z: 0

ACCELEROMETER: X: -5, Y: 0, Z: 7
GYROSCOPE: X: -19, Y: 139, Z: -11
MAGNETOMETER: X: 0, Y: 0, Z: 0

ACCELEROMETER: X: -7, Y: 0, Z: 6
GYROSCOPE: X: -2, Y: 105, Z: -3
MAGNETOMETER: X: 0, Y: 0, Z: 0

ACCELEROMETER: X: -8, Y: -1, Z: 4
GYROSCOPE: X: -7, Y: 84, Z: 4
MAGNETOMETER: X: 0, Y: 0, Z: 0

ACCELEROMETER: X: -9, Y: -1, Z: 3
GYROSCOPE: X: 4, Y: 63, Z: 0
MAGNETOMETER: X: 0, Y: 0, Z: 0

ACCELEROMETER: X: -9, Y: -1, Z: 2
GYROSCOPE: X: 6, Y: 16, Z: -1
MAGNETOMETER: X: 0, Y: 0, Z: 0

ACCELEROMETER: X: -8, Y: -1, Z: 3
GYROSCOPE: X: 11, Y: -133, Z: 4
MAGNETOMETER: X: 0, Y: 0, Z: 0

ACCELEROMETER: X: -6, Y: -1, Z: 5
GYROSCOPE: X: 9, Y: -161, Z: 0
MAGNETOMETER: X: 0, Y: 0, Z: 0

ACCELEROMETER: X: -5, Y: -1, Z: 7
GYROSCOPE: X: 10, Y: -153, Z: 5
MAGNETOMETER: X: 0, Y: 0, Z: 0

ACCELEROMETER: X: -2, Y: 0, Z: 8
GYROSCOPE: X: 17, Y: -127, Z: 7
MAGNETOMETER: X: 0, Y: 0, Z: 0

ACCELEROMETER: X: 1, Y: 0, Z: 8
GYROSCOPE: X: 11, Y: -117, Z: 8
MAGNETOMETER: X: 0, Y: 0, Z: 0

ACCELEROMETER: X: 0, Y: 0, Z: 8
GYROSCOPE: X: -28, Y: 68, Z: -12
MAGNETOMETER: X: 0, Y: 0, Z: 0

ACCELEROMETER: X: -1, Y: 0, Z: 10
GYROSCOPE: X: -28, Y: 22, Z: -7
MAGNETOMETER: X: 0, Y: 0, Z: 0

ACCELEROMETER: X: 0, Y: -2, Z: 9
GYROSCOPE: X: -6, Y: 1, Z: -3
MAGNETOMETER: X: 0, Y: 0, Z: 0

ACCELEROMETER: X: 0, Y: -2, Z: 7
GYROSCOPE: X: -21, Y: -33, Z: -7
MAGNETOMETER: X: 0, Y: 0, Z: 0

ACCELEROMETER: X: 0, Y: -2, Z: 6
GYROSCOPE: X: -29, Y: 0, Z: -1
MAGNETOMETER: X: 0, Y: 0, Z: 0

ACCELEROMETER: X: 0, Y: -3, Z: 6
GYROSCOPE: X: 1, Y: 32, Z: -6
MAGNETOMETER: X: 0, Y: 0, Z: 0

ACCELEROMETER: X: 0, Y: -2, Z: 7
GYROSCOPE: X: 21, Y: 18, Z: -7
MAGNETOMETER: X: 0, Y: 0, Z: 0

ACCELEROMETER: X: 0, Y: -2, Z: 8
GYROSCOPE: X: 26, Y: 0, Z: -4
MAGNETOMETER: X: 0, Y: 0, Z: 0

ACCELEROMETER: X: 0, Y: -1, Z: 9
GYROSCOPE: X: 23, Y: 13, Z: -2
MAGNETOMETER: X: 0, Y: 0, Z: 0

ACCELEROMETER: X: 0, Y: 0, Z: 9
GYROSCOPE: X: -4, Y: 7, Z: -2
MAGNETOMETER: X: 0, Y: 0, Z: 0

ACCELEROMETER: X: 0, Y: -1, Z: 8
GYROSCOPE: X: 1, Y: 20, Z: -2
MAGNETOMETER: X: 0, Y: 0, Z: 0

ACCELEROMETER: X: -2, Y: -1, Z: 8
GYROSCOPE: X: -12, Y: 134, Z: -3
MAGNETOMETER: X: 0, Y: 0, Z: 0

ACCELEROMETER: X: -5, Y: -1, Z: 8
GYROSCOPE: X: -28, Y: 198, Z: -10
MAGNETOMETER: X: 0, Y: 0, Z: 0

ACCELEROMETER: X: -7, Y: -1, Z: 4
GYROSCOPE: X: -3, Y: 169, Z: -7
MAGNETOMETER: X: 0, Y: 0, Z: 0

ACCELEROMETER: X: -6, Y: -1, Z: 2
GYROSCOPE: X: -22, Y: 111, Z: 0
MAGNETOMETER: X: 0, Y: 0, Z: 0

ACCELEROMETER: X: -9, Y: -1, Z: 1
GYROSCOPE: X: -13, Y: 56, Z: -9
MAGNETOMETER: X: 0, Y: 0, Z: 0

ACCELEROMETER: X: -10, Y: -1, Z: 0
GYROSCOPE: X: 1, Y: -59, Z: 2
MAGNETOMETER: X: 0, Y: 0, Z: 0

ACCELEROMETER: X: -10, Y: -2, Z: 2
GYROSCOPE: X: 34, Y: -229, Z: -1
MAGNETOMETER: X: 0, Y: 0, Z: 0

ACCELEROMETER: X: -6, Y: -1, Z: 5
GYROSCOPE: X: 24, Y: -221, Z: 1
MAGNETOMETER: X: 0, Y: 0, Z: 0

ACCELEROMETER: X: -3, Y: -1, Z: 6
GYROSCOPE: X: 19, Y: -186, Z: -5
MAGNETOMETER: X: 0, Y: 0, Z: 0

ACCELEROMETER: X: -1, Y: -1, Z: 9
GYROSCOPE: X: 12, Y: -162, Z: -17
MAGNETOMETER: X: 0, Y: 0, Z: 0

ACCELEROMETER: X: 0, Y: -1, Z: 8
GYROSCOPE: X: -13, Y: 10, Z: -4
MAGNETOMETER: X: 0, Y: 0, Z: 0

ACCELEROMETER: X: 0, Y: -1, Z: 8
GYROSCOPE: X: -8, Y: 29, Z: 0
MAGNETOMETER: X: 0, Y: 0, Z: 0

ACCELEROMETER: X: 1, Y: -1, Z: 9
GYROSCOPE: X: 7, Y: -25, Z: -2
MAGNETOMETER: X: 0, Y: 0, Z: 0

ACCELEROMETER: X: 4, Y: 0, Z: 9
GYROSCOPE: X: 3, Y: -134, Z: 4
MAGNETOMETER: X: 0, Y: 0, Z: 0

ACCELEROMETER: X: 8, Y: 0, Z: 6
GYROSCOPE: X: 29, Y: -250, Z: -13
MAGNETOMETER: X: 0, Y: 0, Z: 0

ACCELEROMETER: X: 10, Y: 0, Z: 4
GYROSCOPE: X: -36, Y: -100, Z: 26
MAGNETOMETER: X: 0, Y: 0, Z: 0

ACCELEROMETER: X: 9, Y: 0, Z: 4
GYROSCOPE: X: -25, Y: 27, Z: -7
MAGNETOMETER: X: 0, Y: 0, Z: 0

ACCELEROMETER: X: 6, Y: 0, Z: 4
GYROSCOPE: X: -2, Y: 121, Z: -26
MAGNETOMETER: X: 0, Y: 0, Z: 0

ACCELEROMETER: X: 4, Y: 0, Z: 7
GYROSCOPE: X: -23, Y: 186, Z: 0
MAGNETOMETER: X: 0, Y: 0, Z: 0

ACCELEROMETER: X: 0, Y: -2, Z: 8
GYROSCOPE: X: -43, Y: 242, Z: 18
MAGNETOMETER: X: 0, Y: 0, Z: 0

ACCELEROMETER: X: -2, Y: -1, Z: 7
GYROSCOPE: X: -16, Y: 58, Z: 1
MAGNETOMETER: X: 0, Y: 0, Z: 0

ACCELEROMETER: X: -2, Y: 0, Z: 7
GYROSCOPE: X: 2, Y: -36, Z: 4
MAGNETOMETER: X: 0, Y: 0, Z: 0

ACCELEROMETER: X: -2, Y: 0, Z: 8
GYROSCOPE: X: 23, Y: -94, Z: 4
MAGNETOMETER: X: 0, Y: 0, Z: 0

ACCELEROMETER: X: 0, Y: 0, Z: 8
GYROSCOPE: X: 28, Y: -54, Z: 3
MAGNETOMETER: X: 0, Y: 0, Z: 0

ACCELEROMETER: X: -1, Y: -1, Z: 8
GYROSCOPE: X: 4, Y: -10, Z: 9
MAGNETOMETER: X: 0, Y: 0, Z: 0

ACCELEROMETER: X: 0, Y: 0, Z: 8
GYROSCOPE: X: 2, Y: -21, Z: 20
MAGNETOMETER: X: 0, Y: 0, Z: 0

ACCELEROMETER: X: 0, Y: 0, Z: 7
GYROSCOPE: X: 51, Y: 15, Z: 18
MAGNETOMETER: X: 0, Y: 0, Z: 0

ACCELEROMETER: X: 0, Y: 0, Z: 8
GYROSCOPE: X: -16, Y: 22, Z: 0
MAGNETOMETER: X: 0, Y: 0, Z: 0

ACCELEROMETER: X: 0, Y: 0, Z: 9
GYROSCOPE: X: -1, Y: 0, Z: 0
MAGNETOMETER: X: 0, Y: 0, Z: 0

ACCELEROMETER: X: 0, Y: 0, Z: 9
GYROSCOPE: X: 0, Y: -3, Z: 0
MAGNETOMETER: X: 0, Y: 0, Z: 0

ACCELEROMETER: X: 0, Y: 0, Z: 9
GYROSCOPE: X: 0, Y: -2, Z: 0
MAGNETOMETER: X: 0, Y: 0, Z: 0

ACCELEROMETER: X: 0, Y: 0, Z: 9
GYROSCOPE: X: 0, Y: -2, Z: 0
MAGNETOMETER: X: 0, Y: 0, Z: 0

ACCELEROMETER: X: 0, Y: 0, Z: 9
GYROSCOPE: X: 0, Y: -2, Z: 0
MAGNETOMETER: X: 0, Y: 0, Z: 0

ACCELEROMETER: X: 0, Y: 0, Z: 9
GYROSCOPE: X: 0, Y: -2, Z: 0
MAGNETOMETER: X: 0, Y: 0, Z: 0

ACCELEROMETER: X: 0, Y: 0, Z: 9
GYROSCOPE: X: 0, Y: -2, Z: 0
MAGNETOMETER: X: 0, Y: 0, Z: 0

ACCELEROMETER: X: 0, Y: 0, Z: 9
GYROSCOPE: X: 0, Y: -2, Z: 0
MAGNETOMETER: X: 0, Y: 0, Z: 0

ACCELEROMETER: X: 0, Y: 0, Z: 9
GYROSCOPE: X: 0, Y: -2, Z: 0
MAGNETOMETER: X: 0, Y: 0, Z: 0

